// Jest Snapshot v1, https://goo.gl/fbAQLP

exports[`Select should render successfully 1`] = `
.c0 {
  position: relative;
}

.c1 {
  border-radius: 4px;
  border: 1px solid #3498DB;
  display: -webkit-box;
  display: -webkit-flex;
  display: -ms-flexbox;
  display: flex;
  padding: 5px;
}

.c5 {
  -webkit-flex: 1;
  -ms-flex: 1;
  flex: 1;
  border: 0;
  outline: none;
}

.c3 {
  background-color: #3498DB;
  border-radius: 2px;
  border: 1px solid #3498DB;
  font-size: 0.8em;
  padding: 2px 15px 2px 2px;
  position: relative;
}

.c3 > span {
  cursor: default;
  position: absolute;
  right: 4px;
}

.c3 + .c4 {
  margin-left: 5px;
}

.c3 + .c2 {
  margin-left: 5px;
}

<div
  className="c0"
>
  <div
    className="c1"
  >
    <span
      className="c2 c3"
    >
      One
      <span
        onClick={[Function]}
      >
        Ã—
      </span>
    </span>
    <input
      className="c4 c5"
      onBlur={[Function]}
      onChange={[Function]}
      onFocus={[Function]}
      onKeyDown={[Function]}
      value=""
    />
  </div>
</div>
`;
